---
source: crates/ruff_linter/src/rules/flake8_builtins/mod.rs
---
error[A005]: 1:1: Module `bisect` is shadowing a Python builtin module
