---
source: crates/ruff_linter/src/rules/pyflakes/mod.rs
---
error[F404]: 5:1: `from __future__` imports must occur at the beginning of the file

 --> F404_1.py:4:1
  |
3 | """Non-docstring"""
4 | 
5 | from __future__ import absolute_import
  | ^^^^^^^^^^^^^^^^^^^^^^^^^^^^^^^^^^^^^^
  |
