---
source: crates/ruff_linter/src/rules/pyflakes/mod.rs
---
error[F821]: 5:9: Undefined name `x`

 --> <filename>:5:9
  |
3 |     x = 1
4 |     del x
5 |     del x
  |         ^
  |
