---
source: crates/ruff_linter/src/rules/pyflakes/mod.rs
---
error[F811]: 19:29: Redefinition of unused `baz` from line 17

  --> F811_31.py:19:29
   |
17 |     baz = None
18 | 
19 |     from some_module import baz
   |                             ^^^
20 | except ImportError:
21 |     pass
   |
   = help: Remove definition: `baz`
