---
source: crates/ruff_linter/src/rules/flake8_copyright/mod.rs
---
error[CPY001]: 1:1: Missing copyright notice at top of file
