---
source: crates/ruff_linter/src/rules/pydoclint/mod.rs
---
error[DOC403]: 24:1: Docstring has a "Yields" section but the function doesn't yield anything

  --> DOC403_numpy.py:23:1
   |
22 |           A number
23 |   
24 | /     Yields
25 | |     -------
26 | |     str
27 | |         A string
28 | |     """
   | |____^
29 |       print('test')
   |
   = help: Remove the "Yields" section
error[DOC403]: 44:1: Docstring has a "Yields" section but the function doesn't yield anything

  --> DOC403_numpy.py:43:1
   |
42 |               A number
43 |   
44 | /         Yields
45 | |         -------
46 | |         str
47 | |             A string
48 | |         """
   | |________^
49 |           print('test')
   |
   = help: Remove the "Yields" section
