---
source: crates/ruff_linter/src/rules/pydoclint/mod.rs
---
error[DOC402]: 11:5: `yield` is not documented in docstring

  --> DOC402_numpy.py:11:5
   |
 9 |         A number
10 |     """
11 |     yield 'test'
   |     ^^^^^^^^^^^^
   |
   = help: Add a "Yields" section to the docstring
error[DOC402]: 62:9: `yield` is not documented in docstring

  --> DOC402_numpy.py:62:9
   |
60 |             A number
61 |         """
62 |         yield 'test'
   |         ^^^^^^^^^^^^
   |
   = help: Add a "Yields" section to the docstring
