---
source: crates/ruff_linter/src/rules/pydoclint/mod.rs
---
error[DOC402]: 9:5: `yield` is not documented in docstring

 --> DOC402_google.py:9:5
  |
7 |         num (int): A number
8 |     """
9 |     yield 'test'
  |     ^^^^^^^^^^^^
  |
  = help: Add a "Yields" section to the docstring
error[DOC402]: 50:9: `yield` is not documented in docstring

  --> DOC402_google.py:50:9
   |
48 |             num (int): A number
49 |         """
50 |         yield 'test'
   |         ^^^^^^^^^^^^
   |
   = help: Add a "Yields" section to the docstring
error[DOC402]: 59:9: `yield` is not documented in docstring

  --> DOC402_google.py:59:9
   |
57 |     def nested():
58 |         """Do something nested."""
59 |         yield 5
   |         ^^^^^^^
60 | 
61 |     print("I never yield")
   |
   = help: Add a "Yields" section to the docstring
error[DOC402]: 67:5: `yield` is not documented in docstring

  --> DOC402_google.py:67:5
   |
65 | def test():
66 |     """Do something."""
67 |     yield from range(10)
   |     ^^^^^^^^^^^^^^^^^^^^
   |
   = help: Add a "Yields" section to the docstring
