---
source: crates/ruff_linter/src/rules/ruff/mod.rs
---
error[RUF032]: 6:17: [*] `Decimal()` called with float literal argument

 --> RUF032.py:6:17
  |
4 | decimal.Decimal(0)
5 | 
6 | decimal.Decimal(0.0)  # Should error
  |                 ^^^
7 | 
8 | decimal.Decimal("0.0")
  |
  = help: Use a string literal instead
ℹ Unsafe fix
3 3 | # Tests with fully qualified import
4 4 | decimal.Decimal(0)
5 5 | 
6   |-decimal.Decimal(0.0)  # Should error
  6 |+decimal.Decimal("0.0")  # Should error
7 7 | 
8 8 | decimal.Decimal("0.0")
9 9 | 

error[RUF032]: 12:17: [*] `Decimal()` called with float literal argument

  --> RUF032.py:12:17
   |
10 | decimal.Decimal(10)
11 | 
12 | decimal.Decimal(10.0)  # Should error
   |                 ^^^^
13 | 
14 | decimal.Decimal("10.0")
   |
   = help: Use a string literal instead
ℹ Unsafe fix
9  9  | 
10 10 | decimal.Decimal(10)
11 11 | 
12    |-decimal.Decimal(10.0)  # Should error
   12 |+decimal.Decimal("10.0")  # Should error
13 13 | 
14 14 | decimal.Decimal("10.0")
15 15 | 

error[RUF032]: 18:17: [*] `Decimal()` called with float literal argument

  --> RUF032.py:18:17
   |
16 | decimal.Decimal(-10)
17 | 
18 | decimal.Decimal(-10.0)  # Should error
   |                 ^^^^^
19 | 
20 | decimal.Decimal("-10.0")
   |
   = help: Use a string literal instead
ℹ Unsafe fix
15 15 | 
16 16 | decimal.Decimal(-10)
17 17 | 
18    |-decimal.Decimal(-10.0)  # Should error
   18 |+decimal.Decimal("-10.0")  # Should error
19 19 | 
20 20 | decimal.Decimal("-10.0")
21 21 | 

error[RUF032]: 33:15: [*] `Decimal()` called with float literal argument

  --> RUF032.py:33:15
   |
31 | val = Decimal(0)
32 | 
33 | val = Decimal(0.0)  # Should error
   |               ^^^
34 | 
35 | val = Decimal("0.0")
   |
   = help: Use a string literal instead
ℹ Unsafe fix
30 30 | 
31 31 | val = Decimal(0)
32 32 | 
33    |-val = Decimal(0.0)  # Should error
   33 |+val = Decimal("0.0")  # Should error
34 34 | 
35 35 | val = Decimal("0.0")
36 36 | 

error[RUF032]: 39:15: [*] `Decimal()` called with float literal argument

  --> RUF032.py:39:15
   |
37 | val = Decimal(10)
38 | 
39 | val = Decimal(10.0)  # Should error
   |               ^^^^
40 | 
41 | val = Decimal("10.0")
   |
   = help: Use a string literal instead
ℹ Unsafe fix
36 36 | 
37 37 | val = Decimal(10)
38 38 | 
39    |-val = Decimal(10.0)  # Should error
   39 |+val = Decimal("10.0")  # Should error
40 40 | 
41 41 | val = Decimal("10.0")
42 42 | 

error[RUF032]: 45:15: [*] `Decimal()` called with float literal argument

  --> RUF032.py:45:15
   |
43 | val = Decimal(-10)
44 | 
45 | val = Decimal(-10.0)  # Should error
   |               ^^^^^
46 | 
47 | val = Decimal("-10.0")
   |
   = help: Use a string literal instead
ℹ Unsafe fix
42 42 | 
43 43 | val = Decimal(-10)
44 44 | 
45    |-val = Decimal(-10.0)  # Should error
   45 |+val = Decimal("-10.0")  # Should error
46 46 | 
47 47 | val = Decimal("-10.0")
48 48 | 

error[RUF032]: 81:23: [*] `Decimal()` called with float literal argument

  --> RUF032.py:81:23
   |
79 | # Retest with fully qualified import
80 | 
81 | val = decimal.Decimal(0.0)  # Should error
   |                       ^^^
82 | 
83 | val = decimal.Decimal("0.0")
   |
   = help: Use a string literal instead
ℹ Unsafe fix
78 78 | 
79 79 | # Retest with fully qualified import
80 80 | 
81    |-val = decimal.Decimal(0.0)  # Should error
   81 |+val = decimal.Decimal("0.0")  # Should error
82 82 | 
83 83 | val = decimal.Decimal("0.0")
84 84 | 

error[RUF032]: 85:23: [*] `Decimal()` called with float literal argument

  --> RUF032.py:85:23
   |
83 | val = decimal.Decimal("0.0")
84 | 
85 | val = decimal.Decimal(10.0)  # Should error
   |                       ^^^^
86 | 
87 | val = decimal.Decimal("10.0")
   |
   = help: Use a string literal instead
ℹ Unsafe fix
82 82 | 
83 83 | val = decimal.Decimal("0.0")
84 84 | 
85    |-val = decimal.Decimal(10.0)  # Should error
   85 |+val = decimal.Decimal("10.0")  # Should error
86 86 | 
87 87 | val = decimal.Decimal("10.0")
88 88 | 

error[RUF032]: 89:23: [*] `Decimal()` called with float literal argument

  --> RUF032.py:89:23
   |
87 | val = decimal.Decimal("10.0")
88 | 
89 | val = decimal.Decimal(-10.0)  # Should error
   |                       ^^^^^
90 | 
91 | val = decimal.Decimal("-10.0")
   |
   = help: Use a string literal instead
ℹ Unsafe fix
86 86 | 
87 87 | val = decimal.Decimal("10.0")
88 88 | 
89    |-val = decimal.Decimal(-10.0)  # Should error
   89 |+val = decimal.Decimal("-10.0")  # Should error
90 90 | 
91 91 | val = decimal.Decimal("-10.0")
92 92 |
