---
source: crates/ruff_linter/src/rules/pygrep_hooks/mod.rs
---
error[PGH004]: 1:1: Use specific rule codes when using `noqa`

 --> PGH004_2.py:1:1
  |
1 | # noqa
  | ^^^^^^
2 | # ruff : noqa
3 | # ruff: noqa: F401
  |
