---
source: crates/ruff_linter/src/rules/fastapi/mod.rs
---
error[FAST003]: 7:19: [*] Parameter `thing_id` appears in route path, but not in `read_thing` signature

 --> FAST003.py:7:19
  |
6 | # Errors
7 | @app.get("/things/{thing_id}")
  |                   ^^^^^^^^^^
8 | async def read_thing(query: str):
9 |     return {"query": query}
  |
  = help: Add `thing_id` to function signature
ℹ Unsafe fix
5 5 | 
6 6 | # Errors
7 7 | @app.get("/things/{thing_id}")
8   |-async def read_thing(query: str):
  8 |+async def read_thing(query: str, thing_id):
9 9 |     return {"query": query}
10 10 | 
11 11 | 

error[FAST003]: 12:23: [*] Parameter `isbn` appears in route path, but not in `read_thing` signature

  --> FAST003.py:12:23
   |
12 | @app.get("/books/isbn-{isbn}")
   |                       ^^^^^^
13 | async def read_thing():
14 |     ...
   |
   = help: Add `isbn` to function signature
ℹ Unsafe fix
10 10 | 
11 11 | 
12 12 | @app.get("/books/isbn-{isbn}")
13    |-async def read_thing():
   13 |+async def read_thing(isbn):
14 14 |     ...
15 15 | 
16 16 | 

error[FAST003]: 17:19: [*] Parameter `thing_id` appears in route path, but not in `read_thing` signature

  --> FAST003.py:17:19
   |
17 | @app.get("/things/{thing_id:path}")
   |                   ^^^^^^^^^^^^^^^
18 | async def read_thing(query: str):
19 |     return {"query": query}
   |
   = help: Add `thing_id` to function signature
ℹ Unsafe fix
15 15 | 
16 16 | 
17 17 | @app.get("/things/{thing_id:path}")
18    |-async def read_thing(query: str):
   18 |+async def read_thing(query: str, thing_id):
19 19 |     return {"query": query}
20 20 | 
21 21 | 

error[FAST003]: 22:19: [*] Parameter `thing_id` appears in route path, but not in `read_thing` signature

  --> FAST003.py:22:19
   |
22 | @app.get("/things/{thing_id : path}")
   |                   ^^^^^^^^^^^^^^^^^
23 | async def read_thing(query: str):
24 |     return {"query": query}
   |
   = help: Add `thing_id` to function signature
ℹ Unsafe fix
20 20 | 
21 21 | 
22 22 | @app.get("/things/{thing_id : path}")
23    |-async def read_thing(query: str):
   23 |+async def read_thing(query: str, thing_id):
24 24 |     return {"query": query}
25 25 | 
26 26 | 

error[FAST003]: 27:27: [*] Parameter `title` appears in route path, but not in `read_thing` signature

  --> FAST003.py:27:27
   |
27 | @app.get("/books/{author}/{title}")
   |                           ^^^^^^^
28 | async def read_thing(author: str):
29 |     return {"author": author}
   |
   = help: Add `title` to function signature
ℹ Unsafe fix
25 25 | 
26 26 | 
27 27 | @app.get("/books/{author}/{title}")
28    |-async def read_thing(author: str):
   28 |+async def read_thing(author: str, title):
29 29 |     return {"author": author}
30 30 | 
31 31 | 

error[FAST003]: 32:18: [*] Parameter `author_name` appears in route path, but not in `read_thing` signature

  --> FAST003.py:32:18
   |
32 | @app.get("/books/{author_name}/{title}")
   |                  ^^^^^^^^^^^^^
33 | async def read_thing():
34 |     ...
   |
   = help: Add `author_name` to function signature
ℹ Unsafe fix
30 30 | 
31 31 | 
32 32 | @app.get("/books/{author_name}/{title}")
33    |-async def read_thing():
   33 |+async def read_thing(author_name):
34 34 |     ...
35 35 | 
36 36 | 

error[FAST003]: 32:32: [*] Parameter `title` appears in route path, but not in `read_thing` signature

  --> FAST003.py:32:32
   |
32 | @app.get("/books/{author_name}/{title}")
   |                                ^^^^^^^
33 | async def read_thing():
34 |     ...
   |
   = help: Add `title` to function signature
ℹ Unsafe fix
30 30 | 
31 31 | 
32 32 | @app.get("/books/{author_name}/{title}")
33    |-async def read_thing():
   33 |+async def read_thing(title):
34 34 |     ...
35 35 | 
36 36 | 

error[FAST003]: 37:18: Parameter `author` appears in route path, but only as a positional-only argument in `read_thing` signature

  --> FAST003.py:37:18
   |
37 | @app.get("/books/{author}/{title}")
   |                  ^^^^^^^^
38 | async def read_thing(author: str, title: str, /):
39 |     return {"author": author, "title": title}
   |
error[FAST003]: 37:27: Parameter `title` appears in route path, but only as a positional-only argument in `read_thing` signature

  --> FAST003.py:37:27
   |
37 | @app.get("/books/{author}/{title}")
   |                           ^^^^^^^
38 | async def read_thing(author: str, title: str, /):
39 |     return {"author": author, "title": title}
   |
error[FAST003]: 42:27: [*] Parameter `title` appears in route path, but not in `read_thing` signature

  --> FAST003.py:42:27
   |
42 | @app.get("/books/{author}/{title}/{page}")
   |                           ^^^^^^^
43 | async def read_thing(
44 |     author: str,
   |
   = help: Add `title` to function signature
ℹ Unsafe fix
42 42 | @app.get("/books/{author}/{title}/{page}")
43 43 | async def read_thing(
44 44 |     author: str,
45    |-    query: str,
   45 |+    query: str, title,
46 46 | ): ...
47 47 | 
48 48 | 

error[FAST003]: 42:35: [*] Parameter `page` appears in route path, but not in `read_thing` signature

  --> FAST003.py:42:35
   |
42 | @app.get("/books/{author}/{title}/{page}")
   |                                   ^^^^^^
43 | async def read_thing(
44 |     author: str,
   |
   = help: Add `page` to function signature
ℹ Unsafe fix
42 42 | @app.get("/books/{author}/{title}/{page}")
43 43 | async def read_thing(
44 44 |     author: str,
45    |-    query: str,
   45 |+    query: str, page,
46 46 | ): ...
47 47 | 
48 48 | 

error[FAST003]: 49:18: [*] Parameter `author` appears in route path, but not in `read_thing` signature

  --> FAST003.py:49:18
   |
49 | @app.get("/books/{author}/{title}")
   |                  ^^^^^^^^
50 | async def read_thing():
51 |     ...
   |
   = help: Add `author` to function signature
ℹ Unsafe fix
47 47 | 
48 48 | 
49 49 | @app.get("/books/{author}/{title}")
50    |-async def read_thing():
   50 |+async def read_thing(author):
51 51 |     ...
52 52 | 
53 53 | 

error[FAST003]: 49:27: [*] Parameter `title` appears in route path, but not in `read_thing` signature

  --> FAST003.py:49:27
   |
49 | @app.get("/books/{author}/{title}")
   |                           ^^^^^^^
50 | async def read_thing():
51 |     ...
   |
   = help: Add `title` to function signature
ℹ Unsafe fix
47 47 | 
48 48 | 
49 49 | @app.get("/books/{author}/{title}")
50    |-async def read_thing():
   50 |+async def read_thing(title):
51 51 |     ...
52 52 | 
53 53 | 

error[FAST003]: 54:27: [*] Parameter `title` appears in route path, but not in `read_thing` signature

  --> FAST003.py:54:27
   |
54 | @app.get("/books/{author}/{title}")
   |                           ^^^^^^^
55 | async def read_thing(*, author: str):
56 |     ...
   |
   = help: Add `title` to function signature
ℹ Unsafe fix
52 52 | 
53 53 | 
54 54 | @app.get("/books/{author}/{title}")
55    |-async def read_thing(*, author: str):
   55 |+async def read_thing(title, *, author: str):
56 56 |     ...
57 57 | 
58 58 | 

error[FAST003]: 59:27: [*] Parameter `title` appears in route path, but not in `read_thing` signature

  --> FAST003.py:59:27
   |
59 | @app.get("/books/{author}/{title}")
   |                           ^^^^^^^
60 | async def read_thing(hello, /, *, author: str):
61 |     ...
   |
   = help: Add `title` to function signature
ℹ Unsafe fix
57 57 | 
58 58 | 
59 59 | @app.get("/books/{author}/{title}")
60    |-async def read_thing(hello, /, *, author: str):
   60 |+async def read_thing(hello, /, title, *, author: str):
61 61 |     ...
62 62 | 
63 63 | 

error[FAST003]: 64:19: [*] Parameter `thing_id` appears in route path, but not in `read_thing` signature

  --> FAST003.py:64:19
   |
64 | @app.get("/things/{thing_id}")
   |                   ^^^^^^^^^^
65 | async def read_thing(
66 |         query: str,
   |
   = help: Add `thing_id` to function signature
ℹ Unsafe fix
63 63 | 
64 64 | @app.get("/things/{thing_id}")
65 65 | async def read_thing(
66    |-        query: str,
   66 |+        query: str, thing_id,
67 67 | ):
68 68 |     return {"query": query}
69 69 | 

error[FAST003]: 71:19: [*] Parameter `thing_id` appears in route path, but not in `read_thing` signature

  --> FAST003.py:71:19
   |
71 | @app.get("/things/{thing_id}")
   |                   ^^^^^^^^^^
72 | async def read_thing(
73 |         query: str = "default",
   |
   = help: Add `thing_id` to function signature
ℹ Unsafe fix
70 70 | 
71 71 | @app.get("/things/{thing_id}")
72 72 | async def read_thing(
73    |-        query: str = "default",
   73 |+        thing_id, query: str = "default",
74 74 | ):
75 75 |     return {"query": query}
76 76 | 

error[FAST003]: 78:19: [*] Parameter `thing_id` appears in route path, but not in `read_thing` signature

  --> FAST003.py:78:19
   |
78 | @app.get("/things/{thing_id}")
   |                   ^^^^^^^^^^
79 | async def read_thing(
80 |         *, query: str = "default",
   |
   = help: Add `thing_id` to function signature
ℹ Unsafe fix
77 77 | 
78 78 | @app.get("/things/{thing_id}")
79 79 | async def read_thing(
80    |-        *, query: str = "default",
   80 |+        thing_id, *, query: str = "default",
81 81 | ):
82 82 |     return {"query": query}
83 83 |
