---
source: crates/ruff_linter/src/rules/flake8_bugbear/mod.rs
---
error[B030]: 12:8: `except` handlers should only be exception classes or tuples of exception classes

  --> B030.py:12:8
   |
10 | try:
11 |     pass
12 | except 1:  # Error
   |        ^
13 |     pass
   |
error[B030]: 17:9: `except` handlers should only be exception classes or tuples of exception classes

  --> B030.py:17:9
   |
15 | try:
16 |     pass
17 | except (1, ValueError):  # Error
   |         ^
18 |     pass
   |
error[B030]: 22:21: `except` handlers should only be exception classes or tuples of exception classes

  --> B030.py:22:21
   |
20 | try:
21 |     pass
22 | except (ValueError, (RuntimeError, (KeyError, TypeError))):  # Error
   |                     ^^^^^^^^^^^^^^^^^^^^^^^^^^^^^^^^^^^^^
23 |     pass
   |
error[B030]: 27:37: `except` handlers should only be exception classes or tuples of exception classes

  --> B030.py:27:37
   |
25 | try:
26 |     pass
27 | except (ValueError, *(RuntimeError, (KeyError, TypeError))):  # Error
   |                                     ^^^^^^^^^^^^^^^^^^^^^
28 |     pass
   |
error[B030]: 33:29: `except` handlers should only be exception classes or tuples of exception classes

  --> B030.py:33:29
   |
31 | try:
32 |     pass
33 | except (*a, *(RuntimeError, (KeyError, TypeError))):  # Error
   |                             ^^^^^^^^^^^^^^^^^^^^^
34 |     pass
   |
error[B030]: 39:28: `except` handlers should only be exception classes or tuples of exception classes

  --> B030.py:39:28
   |
37 | try:
38 |     pass
39 | except* a + (RuntimeError, (KeyError, TypeError)):  # Error
   |                            ^^^^^^^^^^^^^^^^^^^^^
40 |     pass
   |
error[B030]: 131:8: `except` handlers should only be exception classes or tuples of exception classes

   --> B030.py:131:8
    |
129 | try:
130 |     pass
131 | except (a, b) * (c, d):  # B030
    |        ^^^^^^^^^^^^^^^
132 |     pass
    |
