---
source: crates/ruff_linter/src/rules/flake8_import_conventions/mod.rs
---
error[ICN001]: 3:8: `altair` should be imported as `alt`

 --> remove_default.py:3:8
  |
1 | import math  # not checked
2 | 
3 | import altair  # unconventional
  |        ^^^^^^
4 | import matplotlib.pyplot  # unconventional
5 | import numpy  # not checked
  |
  = help: Alias `altair` to `alt`
error[ICN001]: 4:8: `matplotlib.pyplot` should be imported as `plt`

 --> remove_default.py:4:8
  |
3 | import altair  # unconventional
4 | import matplotlib.pyplot  # unconventional
  |        ^^^^^^^^^^^^^^^^^
5 | import numpy  # not checked
6 | import pandas  # unconventional
  |
  = help: Alias `matplotlib.pyplot` to `plt`
error[ICN001]: 6:8: `pandas` should be imported as `pd`

 --> remove_default.py:6:8
  |
4 | import matplotlib.pyplot  # unconventional
5 | import numpy  # not checked
6 | import pandas  # unconventional
  |        ^^^^^^
7 | import seaborn  # unconventional
  |
  = help: Alias `pandas` to `pd`
error[ICN001]: 7:8: `seaborn` should be imported as `sns`

 --> remove_default.py:7:8
  |
5 | import numpy  # not checked
6 | import pandas  # unconventional
7 | import seaborn  # unconventional
  |        ^^^^^^^
8 | 
9 | import altair as altr  # unconventional
  |
  = help: Alias `seaborn` to `sns`
error[ICN001]: 9:18: `altair` should be imported as `alt`

  --> remove_default.py:9:18
   |
 7 | import seaborn  # unconventional
 8 | 
 9 | import altair as altr  # unconventional
   |                  ^^^^
10 | import matplotlib.pyplot as plot  # unconventional
11 | import numpy as nmp  # not checked
   |
   = help: Alias `altair` to `alt`
error[ICN001]: 10:29: `matplotlib.pyplot` should be imported as `plt`

  --> remove_default.py:10:29
   |
 9 | import altair as altr  # unconventional
10 | import matplotlib.pyplot as plot  # unconventional
   |                             ^^^^
11 | import numpy as nmp  # not checked
12 | import pandas as pdas  # unconventional
   |
   = help: Alias `matplotlib.pyplot` to `plt`
error[ICN001]: 12:18: `pandas` should be imported as `pd`

  --> remove_default.py:12:18
   |
10 | import matplotlib.pyplot as plot  # unconventional
11 | import numpy as nmp  # not checked
12 | import pandas as pdas  # unconventional
   |                  ^^^^
13 | import seaborn as sbrn  # unconventional
   |
   = help: Alias `pandas` to `pd`
error[ICN001]: 13:19: `seaborn` should be imported as `sns`

  --> remove_default.py:13:19
   |
11 | import numpy as nmp  # not checked
12 | import pandas as pdas  # unconventional
13 | import seaborn as sbrn  # unconventional
   |                   ^^^^
14 | 
15 | import altair as alt  # conventional
   |
   = help: Alias `seaborn` to `sns`
