---
source: crates/ruff_linter/src/rules/pylint/mod.rs
---
error[PLR1722]: 3:1: [*] Use `sys.exit()` instead of `exit`

 --> sys_exit_alias_5.py:2:1
  |
1 | from sys import *
2 | 
3 | exit(0)
  | ^^^^
4 | quit(0)
  |
  = help: Replace `exit` with `sys.exit()`
ℹ Unsafe fix
1 1 | from sys import *
  2 |+import sys
2 3 | 
3   |-exit(0)
  4 |+sys.exit(0)
4 5 | quit(0)
5 6 | 
6 7 | 

error[PLR1722]: 4:1: [*] Use `sys.exit()` instead of `quit`

 --> sys_exit_alias_5.py:3:8
  |
3 | exit(0)
4 | quit(0)
  | ^^^^
  |
  = help: Replace `quit` with `sys.exit()`
ℹ Unsafe fix
1 1 | from sys import *
  2 |+import sys
2 3 | 
3 4 | exit(0)
4   |-quit(0)
  5 |+sys.exit(0)
5 6 | 
6 7 | 
7 8 | def main():

error[PLR1722]: 8:5: [*] Use `sys.exit()` instead of `exit`

 --> sys_exit_alias_5.py:8:5
  |
7 | def main():
8 |     exit(1)
  |     ^^^^
9 |     quit(1)
  |
  = help: Replace `exit` with `sys.exit()`
ℹ Unsafe fix
1  1  | from sys import *
   2  |+import sys
2  3  | 
3  4  | exit(0)
4  5  | quit(0)
5  6  | 
6  7  | 
7  8  | def main():
8     |-    exit(1)
   9  |+    sys.exit(1)
9  10 |     quit(1)

error[PLR1722]: 9:5: [*] Use `sys.exit()` instead of `quit`

 --> sys_exit_alias_5.py:9:5
  |
7 | def main():
8 |     exit(1)
9 |     quit(1)
  |     ^^^^
  |
  = help: Replace `quit` with `sys.exit()`
ℹ Unsafe fix
1  1  | from sys import *
   2  |+import sys
2  3  | 
3  4  | exit(0)
4  5  | quit(0)
--------------------------------------------------------------------------------
6  7  | 
7  8  | def main():
8  9  |     exit(1)
9     |-    quit(1)
   10 |+    sys.exit(1)
