---
source: crates/ruff_linter/src/rules/pylint/mod.rs
---
error[PLR1722]: 3:1: [*] Use `sys.exit()` instead of `exit`

 --> sys_exit_alias_4.py:2:1
  |
1 | from sys import exit as exit2
2 | 
3 | exit(0)
  | ^^^^
4 | quit(0)
  |
  = help: Replace `exit` with `sys.exit()`
ℹ Unsafe fix
1 1 | from sys import exit as exit2
2 2 | 
3   |-exit(0)
  3 |+exit2(0)
4 4 | quit(0)
5 5 | 
6 6 | 

error[PLR1722]: 4:1: [*] Use `sys.exit()` instead of `quit`

 --> sys_exit_alias_4.py:3:8
  |
3 | exit(0)
4 | quit(0)
  | ^^^^
  |
  = help: Replace `quit` with `sys.exit()`
ℹ Unsafe fix
1 1 | from sys import exit as exit2
2 2 | 
3 3 | exit(0)
4   |-quit(0)
  4 |+exit2(0)
5 5 | 
6 6 | 
7 7 | def main():

error[PLR1722]: 8:5: [*] Use `sys.exit()` instead of `exit`

 --> sys_exit_alias_4.py:8:5
  |
7 | def main():
8 |     exit(1)
  |     ^^^^
9 |     quit(1)
  |
  = help: Replace `exit` with `sys.exit()`
ℹ Unsafe fix
5 5 | 
6 6 | 
7 7 | def main():
8   |-    exit(1)
  8 |+    exit2(1)
9 9 |     quit(1)

error[PLR1722]: 9:5: [*] Use `sys.exit()` instead of `quit`

 --> sys_exit_alias_4.py:9:5
  |
7 | def main():
8 |     exit(1)
9 |     quit(1)
  |     ^^^^
  |
  = help: Replace `quit` with `sys.exit()`
ℹ Unsafe fix
6 6 | 
7 7 | def main():
8 8 |     exit(1)
9   |-    quit(1)
  9 |+    exit2(1)
