---
source: crates/ruff_linter/src/rules/pep8_naming/mod.rs
---
error[N817]: 1:8: CamelCase `CaMel` imported as acronym `CM`

 --> N817.py:1:8
  |
1 | import mod.CaMel as CM
  |        ^^^^^^^^^^^^^^^
2 | from mod import CamelCase as CC
  |
error[N817]: 2:17: CamelCase `CamelCase` imported as acronym `CC`

 --> N817.py:2:17
  |
1 | import mod.CaMel as CM
2 | from mod import CamelCase as CC
  |                 ^^^^^^^^^^^^^^^
  |
error[N817]: 6:8: CamelCase `ElementTree` imported as acronym `ET`

 --> N817.py:6:8
  |
5 | # OK depending on configured import convention
6 | import xml.etree.ElementTree as ET
  |        ^^^^^^^^^^^^^^^^^^^^^^^^^^^
7 | from xml.etree import ElementTree as ET
  |
error[N817]: 7:23: CamelCase `ElementTree` imported as acronym `ET`

 --> N817.py:7:23
  |
5 | # OK depending on configured import convention
6 | import xml.etree.ElementTree as ET
7 | from xml.etree import ElementTree as ET
  |                       ^^^^^^^^^^^^^^^^^
8 | 
9 | # Always an error (relative import)
  |
error[N817]: 10:26: CamelCase `ElementTree` imported as acronym `ET`

  --> N817.py:10:26
   |
 9 | # Always an error (relative import)
10 | from ..xml.eltree import ElementTree as ET
   |                          ^^^^^^^^^^^^^^^^^
   |
