---
source: crates/ruff_linter/src/rules/pycodestyle/mod.rs
---
error[W391]: 14:1: [*] Extra newline at end of file

  --> W391_0.py:13:10
   |
12 |     foo()
13 |     bar()
14 | 
   | ^
   |
   = help: Remove trailing newline
â„¹ Safe fix
11 11 | if __name__ == '__main__':
12 12 |     foo()
13 13 |     bar()
14    |-
