---
source: crates/ruff_linter/src/rules/pycodestyle/mod.rs
---
error[syntax-error]: 9:1: Expected an indented block after `if` statement

  --> E11.py:8:10
   |
 7 | #: E112
 8 | if False:
 9 | print()
   | ^
10 | #: E113
11 | print()
   |
error[syntax-error]: 12:1: Unexpected indentation

  --> E11.py:11:8
   |
10 | #: E113
11 | print()
12 |     print()
   | ^
13 | #: E114 E116
14 | mimetype = 'application/x-directory'
   |
error[syntax-error]: 14:1: Expected a statement

  --> E11.py:13:13
   |
12 |     print()
13 | #: E114 E116
14 | mimetype = 'application/x-directory'
   | ^
15 |      # 'httpd/unix-directory'
16 | create_date = False
   |
error[E115]: 30:1: Expected an indented block (comment)

  --> E11.py:29:13
   |
28 | def start(self):
29 |     if True:
   |             ^
30 | #       try:
31 | #           self.master.start()
32 | #       except MasterExit:
   |
error[E115]: 31:1: Expected an indented block (comment)

  --> E11.py:30:13
   |
29 |     if True:
30 | #       try:
   |             ^
31 | #           self.master.start()
32 | #       except MasterExit:
33 | #           self.shutdown()
   |
error[E115]: 32:1: Expected an indented block (comment)

  --> E11.py:31:32
   |
30 | #       try:
31 | #           self.master.start()
   |                                ^
32 | #       except MasterExit:
33 | #           self.shutdown()
34 | #       finally:
   |
error[E115]: 33:1: Expected an indented block (comment)

  --> E11.py:32:27
   |
31 | #           self.master.start()
32 | #       except MasterExit:
   |                           ^
33 | #           self.shutdown()
34 | #       finally:
35 | #           sys.exit()
   |
error[E115]: 34:1: Expected an indented block (comment)

  --> E11.py:33:28
   |
32 | #       except MasterExit:
33 | #           self.shutdown()
   |                            ^
34 | #       finally:
35 | #           sys.exit()
36 |         self.master.start()
   |
error[E115]: 35:1: Expected an indented block (comment)

  --> E11.py:34:17
   |
33 | #           self.shutdown()
34 | #       finally:
   |                 ^
35 | #           sys.exit()
36 |         self.master.start()
37 | #: E117
   |
error[syntax-error]: 45:1: Expected an indented block after `if` statement

  --> E11.py:44:13
   |
43 | #: E112
44 | if False:  #
45 | print()
   | ^
46 | #:
47 | if False:
   |
