---
source: crates/ruff_linter/src/rules/pycodestyle/mod.rs
---
error[syntax-error]: 9:1: Expected an indented block after `if` statement

  --> E11.py:8:10
   |
 7 | #: E112
 8 | if False:
 9 | print()
   | ^
10 | #: E113
11 | print()
   |
error[syntax-error]: 12:1: Unexpected indentation

  --> E11.py:11:8
   |
10 | #: E113
11 | print()
12 |     print()
   | ^
13 | #: E114 E116
14 | mimetype = 'application/x-directory'
   |
error[syntax-error]: 14:1: Expected a statement

  --> E11.py:13:13
   |
12 |     print()
13 | #: E114 E116
14 | mimetype = 'application/x-directory'
   | ^
15 |      # 'httpd/unix-directory'
16 | create_date = False
   |
error[E114]: 15:1: Indentation is not a multiple of 4 (comment)

  --> E11.py:14:37
   |
13 | #: E114 E116
14 | mimetype = 'application/x-directory'
15 |      # 'httpd/unix-directory'
   | ^^^^^
16 | create_date = False
17 | #: E116 E116 E116
   |
error[syntax-error]: 45:1: Expected an indented block after `if` statement

  --> E11.py:44:13
   |
43 | #: E112
44 | if False:  #
45 | print()
   | ^
46 | #:
47 | if False:
   |
