---
source: crates/ruff_linter/src/rules/pycodestyle/mod.rs
---
error[E265]: 3:1: [*] Block comment should start with `# `

 --> shebang.py:2:2
  |
1 | #!/usr/bin/python
2 | #
3 | #!
  | ^^
4 | #:
  |
  = help: Format space
â„¹ Safe fix
1 1 | #!/usr/bin/python
2 2 | #
3   |-#!
  3 |+# !
4 4 | #:
