---
source: crates/ruff_linter/src/rules/flake8_bandit/mod.rs
---
error[S311]: 10:1: Standard pseudo-random generators are not suitable for cryptographic purposes

  --> S311.py:9:9
   |
 9 | # Errors
10 | random.Random()
   | ^^^^^^^^^^^^^^^
11 | random.random()
12 | random.randrange()
   |
error[S311]: 11:1: Standard pseudo-random generators are not suitable for cryptographic purposes

  --> S311.py:10:16
   |
 9 | # Errors
10 | random.Random()
11 | random.random()
   | ^^^^^^^^^^^^^^^
12 | random.randrange()
13 | random.randint()
   |
error[S311]: 12:1: Standard pseudo-random generators are not suitable for cryptographic purposes

  --> S311.py:11:16
   |
10 | random.Random()
11 | random.random()
12 | random.randrange()
   | ^^^^^^^^^^^^^^^^^^
13 | random.randint()
14 | random.choice()
   |
error[S311]: 13:1: Standard pseudo-random generators are not suitable for cryptographic purposes

  --> S311.py:12:19
   |
11 | random.random()
12 | random.randrange()
13 | random.randint()
   | ^^^^^^^^^^^^^^^^
14 | random.choice()
15 | random.choices()
   |
error[S311]: 14:1: Standard pseudo-random generators are not suitable for cryptographic purposes

  --> S311.py:13:17
   |
12 | random.randrange()
13 | random.randint()
14 | random.choice()
   | ^^^^^^^^^^^^^^^
15 | random.choices()
16 | random.uniform()
   |
error[S311]: 15:1: Standard pseudo-random generators are not suitable for cryptographic purposes

  --> S311.py:14:16
   |
13 | random.randint()
14 | random.choice()
15 | random.choices()
   | ^^^^^^^^^^^^^^^^
16 | random.uniform()
17 | random.triangular()
   |
error[S311]: 16:1: Standard pseudo-random generators are not suitable for cryptographic purposes

  --> S311.py:15:17
   |
14 | random.choice()
15 | random.choices()
16 | random.uniform()
   | ^^^^^^^^^^^^^^^^
17 | random.triangular()
18 | random.randbytes()
   |
error[S311]: 17:1: Standard pseudo-random generators are not suitable for cryptographic purposes

  --> S311.py:16:17
   |
15 | random.choices()
16 | random.uniform()
17 | random.triangular()
   | ^^^^^^^^^^^^^^^^^^^
18 | random.randbytes()
   |
error[S311]: 18:1: Standard pseudo-random generators are not suitable for cryptographic purposes

  --> S311.py:17:20
   |
16 | random.uniform()
17 | random.triangular()
18 | random.randbytes()
   | ^^^^^^^^^^^^^^^^^^
19 | 
20 | # Unrelated
   |
