---
source: crates/ruff_linter/src/rules/flake8_bandit/mod.rs
---
error[S605]: 8:1: Starting a process with a shell: seems safe, but may be changed in the future; consider rewriting without `shell`

  --> S605.py:7:29
   |
 7 | # Check all shell functions.
 8 | os.system("true")
   | ^^^^^^^^^
 9 | os.popen("true")
10 | os.popen2("true")
   |
error[S605]: 9:1: Starting a process with a shell: seems safe, but may be changed in the future; consider rewriting without `shell`

  --> S605.py:8:18
   |
 7 | # Check all shell functions.
 8 | os.system("true")
 9 | os.popen("true")
   | ^^^^^^^^
10 | os.popen2("true")
11 | os.popen3("true")
   |
error[S605]: 10:1: Starting a process with a shell: seems safe, but may be changed in the future; consider rewriting without `shell`

  --> S605.py:9:17
   |
 8 | os.system("true")
 9 | os.popen("true")
10 | os.popen2("true")
   | ^^^^^^^^^
11 | os.popen3("true")
12 | os.popen4("true")
   |
error[S605]: 11:1: Starting a process with a shell: seems safe, but may be changed in the future; consider rewriting without `shell`

  --> S605.py:10:18
   |
 9 | os.popen("true")
10 | os.popen2("true")
11 | os.popen3("true")
   | ^^^^^^^^^
12 | os.popen4("true")
13 | popen2.popen2("true")
   |
error[S605]: 12:1: Starting a process with a shell: seems safe, but may be changed in the future; consider rewriting without `shell`

  --> S605.py:11:18
   |
10 | os.popen2("true")
11 | os.popen3("true")
12 | os.popen4("true")
   | ^^^^^^^^^
13 | popen2.popen2("true")
14 | popen2.popen3("true")
   |
error[S605]: 13:1: Starting a process with a shell: seems safe, but may be changed in the future; consider rewriting without `shell`

  --> S605.py:12:18
   |
11 | os.popen3("true")
12 | os.popen4("true")
13 | popen2.popen2("true")
   | ^^^^^^^^^^^^^
14 | popen2.popen3("true")
15 | popen2.popen4("true")
   |
error[S605]: 14:1: Starting a process with a shell: seems safe, but may be changed in the future; consider rewriting without `shell`

  --> S605.py:13:22
   |
12 | os.popen4("true")
13 | popen2.popen2("true")
14 | popen2.popen3("true")
   | ^^^^^^^^^^^^^
15 | popen2.popen4("true")
16 | popen2.Popen3("true")
   |
error[S605]: 15:1: Starting a process with a shell: seems safe, but may be changed in the future; consider rewriting without `shell`

  --> S605.py:14:22
   |
13 | popen2.popen2("true")
14 | popen2.popen3("true")
15 | popen2.popen4("true")
   | ^^^^^^^^^^^^^
16 | popen2.Popen3("true")
17 | popen2.Popen4("true")
   |
error[S605]: 16:1: Starting a process with a shell: seems safe, but may be changed in the future; consider rewriting without `shell`

  --> S605.py:15:22
   |
14 | popen2.popen3("true")
15 | popen2.popen4("true")
16 | popen2.Popen3("true")
   | ^^^^^^^^^^^^^
17 | popen2.Popen4("true")
18 | commands.getoutput("true")
   |
error[S605]: 17:1: Starting a process with a shell: seems safe, but may be changed in the future; consider rewriting without `shell`

  --> S605.py:16:22
   |
15 | popen2.popen4("true")
16 | popen2.Popen3("true")
17 | popen2.Popen4("true")
   | ^^^^^^^^^^^^^
18 | commands.getoutput("true")
19 | commands.getstatusoutput("true")
   |
error[S605]: 18:1: Starting a process with a shell: seems safe, but may be changed in the future; consider rewriting without `shell`

  --> S605.py:17:22
   |
16 | popen2.Popen3("true")
17 | popen2.Popen4("true")
18 | commands.getoutput("true")
   | ^^^^^^^^^^^^^^^^^^
19 | commands.getstatusoutput("true")
20 | subprocess.getoutput("true")
   |
error[S605]: 19:1: Starting a process with a shell: seems safe, but may be changed in the future; consider rewriting without `shell`

  --> S605.py:18:27
   |
17 | popen2.Popen4("true")
18 | commands.getoutput("true")
19 | commands.getstatusoutput("true")
   | ^^^^^^^^^^^^^^^^^^^^^^^^
20 | subprocess.getoutput("true")
21 | subprocess.getstatusoutput("true")
   |
error[S605]: 20:1: Starting a process with a shell: seems safe, but may be changed in the future; consider rewriting without `shell`

  --> S605.py:19:33
   |
18 | commands.getoutput("true")
19 | commands.getstatusoutput("true")
20 | subprocess.getoutput("true")
   | ^^^^^^^^^^^^^^^^^^^^
21 | subprocess.getstatusoutput("true")
   |
error[S605]: 21:1: Starting a process with a shell: seems safe, but may be changed in the future; consider rewriting without `shell`

  --> S605.py:20:29
   |
19 | commands.getstatusoutput("true")
20 | subprocess.getoutput("true")
21 | subprocess.getstatusoutput("true")
   | ^^^^^^^^^^^^^^^^^^^^^^^^^^
   |
error[S605]: 26:1: Starting a process with a shell, possible injection detected

  --> S605.py:25:20
   |
24 | # Check command argument looks unsafe.
25 | var_string = "true"
26 | os.system(var_string)
   | ^^^^^^^^^
27 | os.system([var_string])
28 | os.system([var_string, ""])
   |
error[S605]: 27:1: Starting a process with a shell, possible injection detected

  --> S605.py:26:22
   |
25 | var_string = "true"
26 | os.system(var_string)
27 | os.system([var_string])
   | ^^^^^^^^^
28 | os.system([var_string, ""])
   |
error[S605]: 28:1: Starting a process with a shell, possible injection detected

  --> S605.py:27:24
   |
26 | os.system(var_string)
27 | os.system([var_string])
28 | os.system([var_string, ""])
   | ^^^^^^^^^
   |
