---
source: crates/ruff_linter/src/rules/flake8_bandit/mod.rs
---
error[S415]: 1:8: An IPMI-related module is being imported. Prefer an encrypted protocol over IPMI.

 --> S415.py:1:8
  |
1 | import pyghmi  # S415
  |        ^^^^^^
2 | from pyghmi import foo  # S415
  |
error[S415]: 2:6: An IPMI-related module is being imported. Prefer an encrypted protocol over IPMI.

 --> S415.py:2:6
  |
1 | import pyghmi  # S415
2 | from pyghmi import foo  # S415
  |      ^^^^^^
  |
