---
source: crates/ruff_linter/src/rules/pydocstyle/mod.rs
---
error[D104]: 1:1: Missing docstring in public package
