---
source: crates/ruff_linter/src/rules/flake8_use_pathlib/mod.rs
---
error[PTH100]: 7:5: `os.path.abspath()` should be replaced by `Path.resolve()`

 --> import_as.py:7:5
  |
5 | q = "bar"
6 | 
7 | a = foo_p.abspath(p)
  |     ^^^^^^^^^^^^^
8 | aa = foo.chmod(p)
9 | aaa = foo.mkdir(p)
  |
error[PTH101]: 8:6: `os.chmod()` should be replaced by `Path.chmod()`

  --> import_as.py:8:6
   |
 7 | a = foo_p.abspath(p)
 8 | aa = foo.chmod(p)
   |      ^^^^^^^^^
 9 | aaa = foo.mkdir(p)
10 | foo.makedirs(p)
   |
error[PTH102]: 9:7: `os.mkdir()` should be replaced by `Path.mkdir()`

  --> import_as.py:9:7
   |
 7 | a = foo_p.abspath(p)
 8 | aa = foo.chmod(p)
 9 | aaa = foo.mkdir(p)
   |       ^^^^^^^^^
10 | foo.makedirs(p)
11 | foo.rename(p)
   |
error[PTH103]: 10:1: `os.makedirs()` should be replaced by `Path.mkdir(parents=True)`

  --> import_as.py:9:19
   |
 8 | aa = foo.chmod(p)
 9 | aaa = foo.mkdir(p)
10 | foo.makedirs(p)
   | ^^^^^^^^^^^^
11 | foo.rename(p)
12 | foo.replace(p)
   |
error[PTH104]: 11:1: `os.rename()` should be replaced by `Path.rename()`

  --> import_as.py:10:16
   |
 9 | aaa = foo.mkdir(p)
10 | foo.makedirs(p)
11 | foo.rename(p)
   | ^^^^^^^^^^
12 | foo.replace(p)
13 | foo.rmdir(p)
   |
error[PTH105]: 12:1: `os.replace()` should be replaced by `Path.replace()`

  --> import_as.py:11:14
   |
10 | foo.makedirs(p)
11 | foo.rename(p)
12 | foo.replace(p)
   | ^^^^^^^^^^^
13 | foo.rmdir(p)
14 | foo.remove(p)
   |
error[PTH106]: 13:1: `os.rmdir()` should be replaced by `Path.rmdir()`

  --> import_as.py:12:15
   |
11 | foo.rename(p)
12 | foo.replace(p)
13 | foo.rmdir(p)
   | ^^^^^^^^^
14 | foo.remove(p)
15 | foo.unlink(p)
   |
error[PTH107]: 14:1: `os.remove()` should be replaced by `Path.unlink()`

  --> import_as.py:13:13
   |
12 | foo.replace(p)
13 | foo.rmdir(p)
14 | foo.remove(p)
   | ^^^^^^^^^^
15 | foo.unlink(p)
16 | foo.getcwd(p)
   |
error[PTH108]: 15:1: `os.unlink()` should be replaced by `Path.unlink()`

  --> import_as.py:14:14
   |
13 | foo.rmdir(p)
14 | foo.remove(p)
15 | foo.unlink(p)
   | ^^^^^^^^^^
16 | foo.getcwd(p)
17 | b = foo_p.exists(p)
   |
error[PTH109]: 16:1: `os.getcwd()` should be replaced by `Path.cwd()`

  --> import_as.py:15:14
   |
14 | foo.remove(p)
15 | foo.unlink(p)
16 | foo.getcwd(p)
   | ^^^^^^^^^^
17 | b = foo_p.exists(p)
18 | bb = foo_p.expanduser(p)
   |
error[PTH110]: 17:5: `os.path.exists()` should be replaced by `Path.exists()`

  --> import_as.py:17:5
   |
15 | foo.unlink(p)
16 | foo.getcwd(p)
17 | b = foo_p.exists(p)
   |     ^^^^^^^^^^^^
18 | bb = foo_p.expanduser(p)
19 | bbb = foo_p.isdir(p)
   |
error[PTH111]: 18:6: `os.path.expanduser()` should be replaced by `Path.expanduser()`

  --> import_as.py:18:6
   |
16 | foo.getcwd(p)
17 | b = foo_p.exists(p)
18 | bb = foo_p.expanduser(p)
   |      ^^^^^^^^^^^^^^^^
19 | bbb = foo_p.isdir(p)
20 | bbbb = foo_p.isfile(p)
   |
error[PTH112]: 19:7: `os.path.isdir()` should be replaced by `Path.is_dir()`

  --> import_as.py:19:7
   |
17 | b = foo_p.exists(p)
18 | bb = foo_p.expanduser(p)
19 | bbb = foo_p.isdir(p)
   |       ^^^^^^^^^^^
20 | bbbb = foo_p.isfile(p)
21 | bbbbb = foo_p.islink(p)
   |
error[PTH113]: 20:8: `os.path.isfile()` should be replaced by `Path.is_file()`

  --> import_as.py:20:8
   |
18 | bb = foo_p.expanduser(p)
19 | bbb = foo_p.isdir(p)
20 | bbbb = foo_p.isfile(p)
   |        ^^^^^^^^^^^^
21 | bbbbb = foo_p.islink(p)
22 | foo.readlink(p)
   |
error[PTH114]: 21:9: `os.path.islink()` should be replaced by `Path.is_symlink()`

  --> import_as.py:21:9
   |
19 | bbb = foo_p.isdir(p)
20 | bbbb = foo_p.isfile(p)
21 | bbbbb = foo_p.islink(p)
   |         ^^^^^^^^^^^^
22 | foo.readlink(p)
23 | foo.stat(p)
   |
error[PTH115]: 22:1: `os.readlink()` should be replaced by `Path.readlink()`

  --> import_as.py:21:24
   |
20 | bbbb = foo_p.isfile(p)
21 | bbbbb = foo_p.islink(p)
22 | foo.readlink(p)
   | ^^^^^^^^^^^^
23 | foo.stat(p)
24 | foo_p.isabs(p)
   |
error[PTH116]: 23:1: `os.stat()` should be replaced by `Path.stat()`, `Path.owner()`, or `Path.group()`

  --> import_as.py:22:16
   |
21 | bbbbb = foo_p.islink(p)
22 | foo.readlink(p)
23 | foo.stat(p)
   | ^^^^^^^^
24 | foo_p.isabs(p)
25 | foo_p.join(p, q)
   |
error[PTH117]: 24:1: `os.path.isabs()` should be replaced by `Path.is_absolute()`

  --> import_as.py:23:12
   |
22 | foo.readlink(p)
23 | foo.stat(p)
24 | foo_p.isabs(p)
   | ^^^^^^^^^^^
25 | foo_p.join(p, q)
26 | foo.sep.join([p, q])
   |
error[PTH118]: 25:1: `os.path.join()` should be replaced by `Path` with `/` operator

  --> import_as.py:24:15
   |
23 | foo.stat(p)
24 | foo_p.isabs(p)
25 | foo_p.join(p, q)
   | ^^^^^^^^^^
26 | foo.sep.join([p, q])
27 | foo.sep.join((p, q))
   |
error[PTH118]: 26:1: `os.sep.join()` should be replaced by `Path` with `/` operator

  --> import_as.py:25:17
   |
24 | foo_p.isabs(p)
25 | foo_p.join(p, q)
26 | foo.sep.join([p, q])
   | ^^^^^^^^^^^^
27 | foo.sep.join((p, q))
28 | foo_p.basename(p)
   |
error[PTH118]: 27:1: `os.sep.join()` should be replaced by `Path` with `/` operator

  --> import_as.py:26:21
   |
25 | foo_p.join(p, q)
26 | foo.sep.join([p, q])
27 | foo.sep.join((p, q))
   | ^^^^^^^^^^^^
28 | foo_p.basename(p)
29 | foo_p.dirname(p)
   |
error[PTH119]: 28:1: `os.path.basename()` should be replaced by `Path.name`

  --> import_as.py:27:21
   |
26 | foo.sep.join([p, q])
27 | foo.sep.join((p, q))
28 | foo_p.basename(p)
   | ^^^^^^^^^^^^^^
29 | foo_p.dirname(p)
30 | foo_p.samefile(p)
   |
error[PTH120]: 29:1: `os.path.dirname()` should be replaced by `Path.parent`

  --> import_as.py:28:18
   |
27 | foo.sep.join((p, q))
28 | foo_p.basename(p)
29 | foo_p.dirname(p)
   | ^^^^^^^^^^^^^
30 | foo_p.samefile(p)
31 | foo_p.splitext(p)
   |
error[PTH121]: 30:1: `os.path.samefile()` should be replaced by `Path.samefile()`

  --> import_as.py:29:17
   |
28 | foo_p.basename(p)
29 | foo_p.dirname(p)
30 | foo_p.samefile(p)
   | ^^^^^^^^^^^^^^
31 | foo_p.splitext(p)
   |
error[PTH122]: 31:1: `os.path.splitext()` should be replaced by `Path.suffix`, `Path.stem`, and `Path.parent`

  --> import_as.py:30:18
   |
29 | foo_p.dirname(p)
30 | foo_p.samefile(p)
31 | foo_p.splitext(p)
   | ^^^^^^^^^^^^^^
   |
